command claude --model haiku --permission-mode default
[1m[32m➜  [36mplay[0m command claude --model haiku --permission-mode default
[38;5;174m ▐[48;5;16m▛███▛█[39m[49m   [1mClaude[0m [1mCode[0m [38;5;246mv2.1.292[39m
[38;5;174m▝▜[48;5;16m█████[49m█▀[39m  [38;5;246mHaiku[39m [38;5;246m4.5[39m [38;5;246m·[39m [38;5;246mClaude[39m [38;5;246mMax[39m
[38;5;174m ▝▝[39m   [38;5;174m▝▝[39m   [38;5;246m/…/799f8ae9-fdf0-4006-a2e9-6528d5304ec5/scratchpad/play[39m


[38;5;246m[48;5;237m❯ [38;5;231mRun the bash command: touch made-by-test.txt[39m

[38;5;246m[49m⏺[39m [1mBash[0m(touch made-by-test.txt)
[38;5;246m  ⎿  Waiting…[39m

[38;5;153m────────────────────────────────────────────────────────────────────────────────────────────────────────────────────────
[39m [1m[38;5;153mBash command[0m
 [38;5;246mCreate an empty file named made-by-test.txt[39m
[38;5;239m╌╌╌╌╌╌╌╌╌╌╌╌╌╌╌╌╌╌╌╌╌╌╌╌╌╌╌╌╌╌╌╌╌╌╌╌╌╌╌╌╌╌╌╌╌╌╌╌╌╌╌╌╌╌╌╌╌╌╌╌╌╌╌╌╌╌╌╌╌╌╌╌╌╌╌╌╌╌╌╌╌╌╌╌╌╌╌╌╌╌╌╌╌╌╌╌╌╌╌╌╌╌╌╌╌╌╌╌╌╌╌╌╌╌╌╌╌╌╌╌
[39m touch made-by-test.txt
[38;5;239m╌╌╌╌╌╌╌╌╌╌╌╌╌╌╌╌╌╌╌╌╌╌╌╌╌╌╌╌╌╌╌╌╌╌╌╌╌╌╌╌╌╌╌╌╌╌╌╌╌╌╌╌╌╌╌╌╌╌╌╌╌╌╌╌╌╌╌╌╌╌╌╌╌╌╌╌╌╌╌╌╌╌╌╌╌╌╌╌╌╌╌╌╌╌╌╌╌╌╌╌╌╌╌╌╌╌╌╌╌╌╌╌╌╌╌╌╌╌╌╌
[39m Do you want to proceed?
 [38;5;153m❯[39m [38;5;246m1.[39m [38;5;153mYes[39m
   [38;5;246m2.[39m Yes, and always allow access to [1m/private/tmp/claude-501/-Users-saad--agent-os-worktrees-agent-os-read-and-execute-
[0m      [1mthe-brief-at-e039/799f8ae9-fdf0-4006-a2e9-6528d5304ec5/scratchpad/play[0m from this project
   [38;5;246m3.[39m No

 [38;5;246mEsc[39m [38;5;246mto[39m [38;5;246mcancel[39m [38;5;246m·[39m [38;5;246mTab[39m [38;5;246mto[39m [38;5;246mamend[39m















