[2m╭─────────────────────────────────────────────────╮[0m
[2m│ [0;1m[38;2;99;168;248m✨ Update available![0m [1m0.156.0 -> 0.160.1[0;2m         │[0m
[2m│ [0mRun [38;2;99;168;248mbrew upgrade --cask codex[39m to update.[2m        │[0m
[2m│                                                 │[0m
[2m│ [0mSee full release notes:[2m                         │[0m
[2m│ [0;4m[38;2;99;168;248m]8;;https://github.com/openai/codex/releases/latest\https://github.com/openai/codex/releases/latest[0;2m]8;;\ │[0m
[2m╰─────────────────────────────────────────────────╯[0m

[2m╭──────────────────────────────────────────────────────────╮
│ >_ [0;1mOpenAI Codex[0;2m (v0.156.0)                               │
│                                                          │
│ model:     [0mGPT-6-Luna medium[2m   [0m[38;2;99;168;248m/model[2m[39m to change          │
│ directory: [0m/private/tmp/claude-501/…39/…/scratchpad/play[2m │
╰──────────────────────────────────────────────────────────╯

[0m  [1mTip:[0m [3mNew[0m For a limited time, Codex is included in your plan for free – let’s build together.


[1m›[0m rename the cache module to store and also update every import that points at the old path and the README so nothing
  references cache anymore and also update every import that points at the old path and the README so nothing
  references cache anymore

  [38;2;246;226;183mGPT-6-Luna medium[39m · [38;2;171;223;167m/private/tmp/claude-501/-Users-saad--agent-os-worktrees-agent-os-read-and-execute-the-brief-at-e0…

















